I'm sorry, but errors were detected in your script. Please correct the
errors listed below, and try again.


File "game/intro_spy.rpy", line 57: Line is followed by a block, despite not being a menu choice. Did you forget a colon at the end of the line?
    "Nie twoja sprawa, ciekawski starcze."
                                          ^

Ren'Py Version: Ren'Py 7.2.2.491
Wed May 08 19:22:14 2019
